anchors: Fe 15.291705, Ru 22.030595, alpha* 201.2234
alpha* sweep: 244 prices, 0.386 at 1 USD/kg -> 1118 at 3e5 USD/kg
pure        p_eff   53852.50  cost 22.0306 (+6.739)  alpha*  201.223  450 C  425 bar Tsep  25 C  V 0.066
supported   p_eff    4895.68  cost 17.9500 (+2.658)  alpha*   18.484  450 C  220 bar Tsep  20 C  V 0.532
supp_rec90  p_eff     489.57  cost 15.6709 (+0.379)  alpha*    2.234  450 C  200 bar Tsep  30 C  V 1.757
supp_rec97  p_eff     146.87  cost 15.2374 (-0.054)  alpha*    0.936  425 C  185 bar Tsep  30 C  V 6.238
kaap90      p_eff     489.57  cost 18.9104 (+3.619)  alpha*      inf  425 C   90 bar Tsep -20 C  V 1.748
kaap97      p_eff     146.87  cost 18.1570 (+2.865)  alpha*      inf  400 C   90 bar Tsep -20 C  V 4.907
fe_kaap     cost 19.0687  425 C  V 21.65 m3
strict-scaling reach 237.3 USD/kg needs u >= 22.7 at r = 0.90
strict-scaling reach 237.3 USD/kg needs u >= 6.8 at r = 0.97
KAAP loop floor (free, infinitely active catalyst): 16.6996 USD/t at 350 C (+1.408 vs Fe)
parity needs u = 328.8 at r = 0.00
parity needs u = 32.9 at r = 0.90
parity needs u = 9.9 at r = 0.97
  bed x7.56 (w  5.0%, rho 430): supported   cost 18.1781 (+0.2281)   220 bar  V 4.02 m3  vs Fe optimum 15.2917: +2.8864  alpha* 21.368
  bed x6.63 (w  5.0%, rho 490): supported   cost 18.1476 (+0.1976)   220 bar  V 3.53 m3  vs Fe optimum 15.2917: +2.8559  alpha* 20.993
  bed x5.91 (w  5.0%, rho 550): supported   cost 18.1236 (+0.1737)   220 bar  V 3.14 m3  vs Fe optimum 15.2917: +2.8319  alpha* 20.696
  bed x4.72 (w  8.0%, rho 430): supported   cost 18.0840 (+0.1340)   220 bar  V 2.51 m3  vs Fe optimum 15.2917: +2.7923  alpha* 20.203
  bed x4.15 (w  8.0%, rho 490): supported   cost 18.0644 (+0.1145)   220 bar  V 2.21 m3  vs Fe optimum 15.2917: +2.7727  alpha* 19.957
  bed x3.69 (w  8.0%, rho 550): supported   cost 18.0490 (+0.0990)   220 bar  V 1.96 m3  vs Fe optimum 15.2917: +2.7573  alpha* 19.762
  bed x3.78 (w 10.0%, rho 430): supported   cost 18.0519 (+0.1020)   220 bar  V 2.01 m3  vs Fe optimum 15.2917: +2.7602  alpha* 19.799
  bed x3.32 (w 10.0%, rho 490): supported   cost 18.0360 (+0.0860)   220 bar  V 1.76 m3  vs Fe optimum 15.2917: +2.7443  alpha* 19.597
  bed x2.95 (w 10.0%, rho 550): supported   cost 18.0233 (+0.0734)   220 bar  V 1.57 m3  vs Fe optimum 15.2917: +2.7316  alpha* 19.436
  bed x7.56 (w  5.0%, rho 430): supp_rec90  cost 16.2416 (+0.5708)   215 bar  V 9.44 m3  vs Fe optimum 15.2917: +0.9499  alpha* 4.718
  bed x6.63 (w  5.0%, rho 490): supp_rec90  cost 16.1685 (+0.4977)   210 bar  V 9.23 m3  vs Fe optimum 15.2917: +0.8768  alpha* 4.367
  bed x5.91 (w  5.0%, rho 550): supp_rec90  cost 16.1090 (+0.4381)   210 bar  V 8.23 m3  vs Fe optimum 15.2917: +0.8173  alpha* 4.093
  bed x4.72 (w  8.0%, rho 430): supp_rec90  cost 16.0120 (+0.3411)   210 bar  V 6.58 m3  vs Fe optimum 15.2917: +0.7203  alpha* 3.644
  bed x4.15 (w  8.0%, rho 490): supp_rec90  cost 15.9622 (+0.2913)   205 bar  V 6.46 m3  vs Fe optimum 15.2917: +0.6705  alpha* 3.426
  bed x3.69 (w  8.0%, rho 550): supp_rec90  cost 15.9220 (+0.2511)   205 bar  V 5.76 m3  vs Fe optimum 15.2917: +0.6303  alpha* 3.255
  bed x3.78 (w 10.0%, rho 430): supp_rec90  cost 15.9296 (+0.2588)   205 bar  V 5.89 m3  vs Fe optimum 15.2917: +0.6379  alpha* 3.287
  bed x3.32 (w 10.0%, rho 490): supp_rec90  cost 15.8885 (+0.2176)   205 bar  V 5.17 m3  vs Fe optimum 15.2917: +0.5968  alpha* 3.113
  bed x2.95 (w 10.0%, rho 550): supp_rec90  cost 15.8563 (+0.1854)   205 bar  V 4.61 m3  vs Fe optimum 15.2917: +0.5646  alpha* 2.976
  bed x7.56 (w  5.0%, rho 430): supp_rec97  cost 15.9940 (+0.7566)   205 bar  V 11.79 m3  vs Fe optimum 15.2917: +0.7023  alpha* 3.433
  bed x6.63 (w  5.0%, rho 490): supp_rec97  cost 15.9098 (+0.6724)   205 bar  V 10.34 m3  vs Fe optimum 15.2917: +0.6181  alpha* 3.079
  bed x5.91 (w  5.0%, rho 550): supp_rec97  cost 15.8445 (+0.6071)   205 bar  V 9.21 m3  vs Fe optimum 15.2917: +0.5528  alpha* 2.803
  bed x4.72 (w  8.0%, rho 430): supp_rec97  cost 15.7274 (+0.4901)   200 bar  V 8.30 m3  vs Fe optimum 15.2917: +0.4357  alpha* 2.351
  bed x4.15 (w  8.0%, rho 490): supp_rec97  cost 15.6707 (+0.4333)   200 bar  V 7.28 m3  vs Fe optimum 15.2917: +0.3790  alpha* 2.130
  bed x3.69 (w  8.0%, rho 550): supp_rec97  cost 15.6265 (+0.3891)   200 bar  V 6.49 m3  vs Fe optimum 15.2917: +0.3348  alpha* 1.958
  bed x3.78 (w 10.0%, rho 430): supp_rec97  cost 15.6349 (+0.3975)   200 bar  V 6.64 m3  vs Fe optimum 15.2917: +0.3432  alpha* 1.991
  bed x3.32 (w 10.0%, rho 490): supp_rec97  cost 15.5862 (+0.3488)   195 bar  V 6.61 m3  vs Fe optimum 15.2917: +0.2945  alpha* 1.814
  bed x2.95 (w 10.0%, rho 550): supp_rec97  cost 15.5472 (+0.3099)   195 bar  V 5.89 m3  vs Fe optimum 15.2917: +0.2555  alpha* 1.677
  bed x7.56 (w  5.0%, rho 430): kaap90      cost 19.2037 (+0.2933)    90 bar  V 13.22 m3  vs Fe in the KAAP loop 19.0687: +0.1350  alpha* 1.211
  bed x6.63 (w  5.0%, rho 490): kaap90      cost 19.1628 (+0.2524)    90 bar  V 11.60 m3  vs Fe in the KAAP loop 19.0687: +0.0941  alpha* 1.147
  bed x5.91 (w  5.0%, rho 550): kaap90      cost 19.1310 (+0.2206)    90 bar  V 10.33 m3  vs Fe in the KAAP loop 19.0687: +0.0623  alpha* 1.098
  bed x4.72 (w  8.0%, rho 430): kaap90      cost 19.0791 (+0.1687)    90 bar  V 8.26 m3  vs Fe in the KAAP loop 19.0687: +0.0104  alpha* 1.016
  bed x4.15 (w  8.0%, rho 490): kaap90      cost 19.0537 (+0.1433)    90 bar  V 7.25 m3  vs Fe in the KAAP loop 19.0687: -0.0150  alpha* 0.976
  bed x3.69 (w  8.0%, rho 550): kaap90      cost 19.0338 (+0.1234)    90 bar  V 6.46 m3  vs Fe in the KAAP loop 19.0687: -0.0349  alpha* 0.945
  bed x3.78 (w 10.0%, rho 430): kaap90      cost 19.0376 (+0.1272)    90 bar  V 6.61 m3  vs Fe in the KAAP loop 19.0687: -0.0311  alpha* 0.951
  bed x3.32 (w 10.0%, rho 490): kaap90      cost 19.0172 (+0.1068)    90 bar  V 5.80 m3  vs Fe in the KAAP loop 19.0687: -0.0515  alpha* 0.919
  bed x2.95 (w 10.0%, rho 550): kaap90      cost 19.0011 (+0.0907)    90 bar  V 5.17 m3  vs Fe in the KAAP loop 19.0687: -0.0676  alpha* 0.894
  bed x7.56 (w  5.0%, rho 430): kaap97      cost 18.8947 (+0.7378)    90 bar  V 13.22 m3  vs Fe in the KAAP loop 19.0687: -0.1739  alpha* 0.730
  bed x6.63 (w  5.0%, rho 490): kaap97      cost 18.8539 (+0.6969)    90 bar  V 11.60 m3  vs Fe in the KAAP loop 19.0687: -0.2148  alpha* 0.666
  bed x5.91 (w  5.0%, rho 550): kaap97      cost 18.7795 (+0.6225)    90 bar  V 29.00 m3  vs Fe in the KAAP loop 19.0687: -0.2892  alpha* 0.615
  bed x4.72 (w  8.0%, rho 430): kaap97      cost 18.6237 (+0.4667)    90 bar  V 23.18 m3  vs Fe in the KAAP loop 19.0687: -0.4450  alpha* 0.533
  bed x4.15 (w  8.0%, rho 490): kaap97      cost 18.5492 (+0.3922)    90 bar  V 20.35 m3  vs Fe in the KAAP loop 19.0687: -0.5195  alpha* 0.493
  bed x3.69 (w  8.0%, rho 550): kaap97      cost 18.4916 (+0.3346)    90 bar  V 18.13 m3  vs Fe in the KAAP loop 19.0687: -0.5771  alpha* 0.462
  bed x3.78 (w 10.0%, rho 430): kaap97      cost 18.5025 (+0.3455)    90 bar  V 18.55 m3  vs Fe in the KAAP loop 19.0687: -0.5662  alpha* 0.468
  bed x3.32 (w 10.0%, rho 490): kaap97      cost 18.4440 (+0.2870)    90 bar  V 16.28 m3  vs Fe in the KAAP loop 19.0687: -0.6247  alpha* 0.436
  bed x2.95 (w 10.0%, rho 550): kaap97      cost 18.3987 (+0.2417)    90 bar  V 14.50 m3  vs Fe in the KAAP loop 19.0687: -0.6700  alpha* 0.411
wrote fig2_ru_alpha_sweep.csv, fig2_ru_actual_cost_points.csv, fig2_ru_bed_sensitivity.csv
