NH3 PASS {}
MeOH PASS {'max_abs_diff_eur_t': 2.2737367544323206e-13}
Au/TiO2 PASS {}
{
 "draws": 5000,
 "base_reproduced": {
  "P_Fe_cheaper": 1.0,
  "min_gap_USD_t": 2.3823780548685303
 },
 "ranges": {
  "u": [
   11.0,
   50.0
  ],
  "r": [
   0.9,
   0.97
  ],
  "bed_density_kg_m3": [
   430.0,
   550.0
  ],
  "A_bed_Ru_wt_pct": [
   5.0,
   10.0
  ],
  "measured_Ru_catalysts": 54
 },
 "A": {
  "P_Fe_cheaper": 0.3556,
  "gap_quantiles_USD_t": {
   "p05": -0.4528538049479978,
   "p50": -0.09425167382502941,
   "p95": 0.5736077924907166
  },
  "regret_quantiles": {
   "p05": -0.027046122967682336,
   "p50": -0.0062328364547444,
   "p95": 0.030003487082201203
  }
 },
 "A_bed": {
  "P_Fe_cheaper": 0.6898,
  "gap_quantiles_USD_t": {
   "p05": -0.3621468070316591,
   "p50": 0.17862619910288924,
   "p95": 0.9499419564534324
  },
  "regret_quantiles": {
   "p05": -0.022017346693511523,
   "p50": 0.011676204745312599,
   "p95": 0.04535077813160594
  }
 },
 "B": {
  "P_Fe_cheaper": 0.9466,
  "gap_quantiles_USD_t": {
   "p05": -0.08651520348201999,
   "p50": 4.926524813946543,
   "p95": 11.830486163080511
  },
  "regret_quantiles": {
   "p05": -0.00562162979155721,
   "p50": 0.3020349290638682,
   "p95": 0.5827318239966154
  }
 },
 "B0": {
  "P_Fe_cheaper": 0.99,
  "gap_quantiles_USD_t": {
   "p05": 1.3091911325904313,
   "p50": 7.7740464109245995,
   "p95": 15.765720814541758
  },
  "regret_quantiles": {
   "p05": 0.07834699588236858,
   "p50": 0.4657073834790145,
   "p95": 0.7978373280412612
  }
 },
 "A_where_Ru_wins": {
  "P_Ru_wins": 0.6444,
  "u_r_tercile_grid": {
   "u_tercile1_r_tercile1": {
    "n": 554,
    "P_Ru_wins": 0.16425992779783394
   },
   "u_tercile1_r_tercile2": {
    "n": 567,
    "P_Ru_wins": 0.3880070546737213
   },
   "u_tercile1_r_tercile3": {
    "n": 546,
    "P_Ru_wins": 0.6465201465201466
   },
   "u_tercile2_r_tercile1": {
    "n": 567,
    "P_Ru_wins": 0.4673721340388007
   },
   "u_tercile2_r_tercile2": {
    "n": 546,
    "P_Ru_wins": 0.6538461538461539
   },
   "u_tercile2_r_tercile3": {
    "n": 553,
    "P_Ru_wins": 0.8698010849909584
   },
   "u_tercile3_r_tercile1": {
    "n": 546,
    "P_Ru_wins": 0.7838827838827839
   },
   "u_tercile3_r_tercile2": {
    "n": 553,
    "P_Ru_wins": 0.8499095840867993
   },
   "u_tercile3_r_tercile3": {
    "n": 568,
    "P_Ru_wins": 0.9806338028169014
   }
  },
  "P_Ru_wins_given_u_lowest_tercile": 0.39832033593281346,
  "P_Ru_wins_given_u_top_tercile": 0.8728254349130175,
  "P_Ru_wins_given_r_lowest_tercile": 0.47030593881223753,
  "P_Ru_wins_given_r_top_tercile": 0.8344331133773245,
  "share_of_Ru_wins_with_u_and_r_in_top_tercile": 0.1728739913097455,
  "P_Ru_wins_given_u_and_r_top_tercile": 0.9806338028169014,
  "P_Ru_wins_given_u_or_r_bottom_tercile": 0.48812949640287767,
  "median_u_r_when_Ru_wins": [
   28.591573975081072,
   0.9427799939495936
  ],
  "median_u_r_when_Fe_wins": [
   16.946724270543122,
   0.9243692703822128
  ],
  "P_Ru_wins_by_p_eff_quintile": [
   0.999,
   0.94,
   0.746,
   0.459,
   0.078
  ],
  "u_terciles": [
   18.203197756241238,
   30.40515089941032
  ],
  "r_terciles": [
   0.924154155078386,
   0.9469830184483027
  ]
 },
 "A_bed_where_Ru_wins": {
  "P_Ru_wins": 0.3102,
  "u_r_tercile_grid": {
   "u_tercile1_r_tercile1": {
    "n": 554,
    "P_Ru_wins": 0.0
   },
   "u_tercile1_r_tercile2": {
    "n": 567,
    "P_Ru_wins": 0.001763668430335097
   },
   "u_tercile1_r_tercile3": {
    "n": 546,
    "P_Ru_wins": 0.005494505494505495
   },
   "u_tercile2_r_tercile1": {
    "n": 567,
    "P_Ru_wins": 0.07054673721340388
   },
   "u_tercile2_r_tercile2": {
    "n": 546,
    "P_Ru_wins": 0.163003663003663
   },
   "u_tercile2_r_tercile3": {
    "n": 553,
    "P_Ru_wins": 0.30018083182640143
   },
   "u_tercile3_r_tercile1": {
    "n": 546,
    "P_Ru_wins": 0.6318681318681318
   },
   "u_tercile3_r_tercile2": {
    "n": 553,
    "P_Ru_wins": 0.7450271247739603
   },
   "u_tercile3_r_tercile3": {
    "n": 568,
    "P_Ru_wins": 0.8714788732394366
   }
  },
  "P_Ru_wins_given_u_lowest_tercile": 0.0023995200959808036,
  "P_Ru_wins_given_u_top_tercile": 0.7510497900419916,
  "P_Ru_wins_given_r_lowest_tercile": 0.23095380923815237,
  "P_Ru_wins_given_r_top_tercile": 0.39832033593281346,
  "share_of_Ru_wins_with_u_and_r_in_top_tercile": 0.3191489361702128,
  "P_Ru_wins_given_u_and_r_top_tercile": 0.8714788732394366,
  "P_Ru_wins_given_u_or_r_bottom_tercile": 0.13992805755395685,
  "median_u_r_when_Ru_wins": [
   38.50139171999263,
   0.9424059099005252
  ],
  "median_u_r_when_Fe_wins": [
   18.553235143826683,
   0.9328007891267509
  ],
  "P_Ru_wins_by_p_eff_quintile": [
   0.834,
   0.469,
   0.193,
   0.054,
   0.001
  ],
  "u_terciles": [
   18.203197756241238,
   30.40515089941032
  ],
  "r_terciles": [
   0.924154155078386,
   0.9469830184483027
  ],
  "P_Ru_wins_given_Ru_content_lt_7.5_wt_pct": 0.24979287489643745,
  "P_Ru_wins_given_Ru_content_ge_7.5_wt_pct": 0.3665893271461717
 },
 "p_eff_quantiles_USD_kg": {
  "p05": 45.4017980602415,
  "p50": 142.14405178891423,
  "p95": 423.71531513908485
 },
 "B_Ru_winning_catalysts": [
  "Ru/AC-G",
  "Ru/Ba\u2013Ca(NH2)2",
  "Ru/Ca(NH2)2",
  "Ru/Cs/Ba/CCHT"
 ]
}
