meas_k1 {"exact_runs_outside_grid": 14202, "mismatch_groups_mean": 37.3245, "mismatch_groups_q025_q975": [31.0, 43.0], "mismatch_fraction_mean": 0.44969277108433736, "mismatch_with_regret_ge_1pct_mean": 26.6395, "groups_mismatched_in_ge_90pct_of_draws": 15, "groups_mismatched_in_ge_50pct_of_draws": 37, "observed_mismatches_kept_in_ge_90pct": 15, "observed_matches_flipped_in_ge_50pct": 5, "null_sty_leader_changes_between_remeasurements_mean": 17.6815, "null_sty_leader_changes_q025_q975": [12.0, 23.0], "sty_leader_differs_from_reported_mean": 13.368, "sty_leader_differs_from_reported_q025_q975": [8.0, 19.0]}
meas_k2 {"exact_runs_outside_grid": 26777, "mismatch_groups_mean": 39.3005, "mismatch_groups_q025_q975": [32.0, 47.0], "mismatch_fraction_mean": 0.4735, "mismatch_with_regret_ge_1pct_mean": 30.398, "groups_mismatched_in_ge_90pct_of_draws": 11, "groups_mismatched_in_ge_50pct_of_draws": 36, "observed_mismatches_kept_in_ge_90pct": 11, "observed_matches_flipped_in_ge_50pct": 6, "null_sty_leader_changes_between_remeasurements_mean": 29.2815, "null_sty_leader_changes_q025_q975": [22.0, 36.0], "sty_leader_differs_from_reported_mean": 22.3775, "sty_leader_differs_from_reported_q025_q975": [16.0, 29.0]}
meas_k4 {"exact_runs_outside_grid": 46173, "mismatch_groups_mean": 41.1935, "mismatch_groups_q025_q975": [33.0, 49.0], "mismatch_fraction_mean": 0.49630722891566265, "mismatch_with_regret_ge_1pct_mean": 34.535, "groups_mismatched_in_ge_90pct_of_draws": 5, "groups_mismatched_in_ge_50pct_of_draws": 40, "observed_mismatches_kept_in_ge_90pct": 5, "observed_matches_flipped_in_ge_50pct": 14, "null_sty_leader_changes_between_remeasurements_mean": 42.9045, "null_sty_leader_changes_q025_q975": [35.0, 50.024999999999864], "sty_leader_differs_from_reported_mean": 34.085, "sty_leader_differs_from_reported_q025_q975": [27.0, 42.0]}
meas_k1_plus_extraction {"exact_runs_outside_grid": 34656, "mismatch_groups_mean": 38.498, "mismatch_groups_q025_q975": [31.0, 45.0], "mismatch_fraction_mean": 0.4638313253012048, "mismatch_with_regret_ge_1pct_mean": 28.8375, "groups_mismatched_in_ge_90pct_of_draws": 10, "groups_mismatched_in_ge_50pct_of_draws": 33, "observed_mismatches_kept_in_ge_90pct": 10, "observed_matches_flipped_in_ge_50pct": 5, "null_sty_leader_changes_between_remeasurements_mean": 30.4625, "null_sty_leader_changes_q025_q975": [24.0, 37.0], "sty_leader_differs_from_reported_mean": 22.8355, "sty_leader_differs_from_reported_q025_q975": [16.0, 30.0]}
{
 "input": "analysis/meoh_literature_inversion_2026_10_05",
 "groups": 83,
 "papers": 44,
 "entries": 906,
 "plot_read_entries": 534,
 "printed_sty_entries": 307,
 "surface_f0_max_rel_diff_vs_frozen": 4.904194820385602e-06,
 "point_estimate": {
  "groups": 33,
  "fraction": 0.39759036144578314,
  "papers": 19,
  "paper_weighted_fraction": 0.3691287878787879
 },
 "cluster_bootstrap": {
  "resamples": 10000,
  "unit": "paper",
  "fraction_ci95": [
   0.23684210526315788,
   0.550561797752809
  ],
  "paper_weighted_ci95": [
   0.23636363636363636,
   0.5026515151515152
  ]
 },
 "regret_threshold_curve": [
  {
   "threshold": 0.0,
   "groups": 33,
   "fraction": 0.39759036144578314,
   "papers": 19
  },
  {
   "threshold": 0.001,
   "groups": 33,
   "fraction": 0.39759036144578314,
   "papers": 19
  },
  {
   "threshold": 0.005,
   "groups": 27,
   "fraction": 0.3253012048192771,
   "papers": 15
  },
  {
   "threshold": 0.01,
   "groups": 23,
   "fraction": 0.27710843373493976,
   "papers": 12
  },
  {
   "threshold": 0.02,
   "groups": 16,
   "fraction": 0.1927710843373494,
   "papers": 7
  },
  {
   "threshold": 0.05,
   "groups": 9,
   "fraction": 0.10843373493975904,
   "papers": 4
  },
  {
   "threshold": 0.1,
   "groups": 4,
   "fraction": 0.04819277108433735,
   "papers": 1
  }
 ],
 "noise_model": {
  "r_X": 0.05206457465100362,
  "sigma_MeOH_to_CH4": 0.008465616732800196,
  "source": "analysis/meoh_measurement_mc_2026_10_05",
  "extraction_error_pools": {
   "n_X": 258,
   "n_S": 240,
   "n_STY": 190
  },
  "draws": 2000,
  "seed": 20261006
 },
 "noise": {
  "meas_k1": {
   "exact_runs_outside_grid": 14202,
   "mismatch_groups_mean": 37.3245,
   "mismatch_groups_q025_q975": [
    31.0,
    43.0
   ],
   "mismatch_fraction_mean": 0.44969277108433736,
   "mismatch_with_regret_ge_1pct_mean": 26.6395,
   "groups_mismatched_in_ge_90pct_of_draws": 15,
   "groups_mismatched_in_ge_50pct_of_draws": 37,
   "observed_mismatches_kept_in_ge_90pct": 15,
   "observed_matches_flipped_in_ge_50pct": 5,
   "null_sty_leader_changes_between_remeasurements_mean": 17.6815,
   "null_sty_leader_changes_q025_q975": [
    12.0,
    23.0
   ],
   "sty_leader_differs_from_reported_mean": 13.368,
   "sty_leader_differs_from_reported_q025_q975": [
    8.0,
    19.0
   ]
  },
  "meas_k2": {
   "exact_runs_outside_grid": 26777,
   "mismatch_groups_mean": 39.3005,
   "mismatch_groups_q025_q975": [
    32.0,
    47.0
   ],
   "mismatch_fraction_mean": 0.4735,
   "mismatch_with_regret_ge_1pct_mean": 30.398,
   "groups_mismatched_in_ge_90pct_of_draws": 11,
   "groups_mismatched_in_ge_50pct_of_draws": 36,
   "observed_mismatches_kept_in_ge_90pct": 11,
   "observed_matches_flipped_in_ge_50pct": 6,
   "null_sty_leader_changes_between_remeasurements_mean": 29.2815,
   "null_sty_leader_changes_q025_q975": [
    22.0,
    36.0
   ],
   "sty_leader_differs_from_reported_mean": 22.3775,
   "sty_leader_differs_from_reported_q025_q975": [
    16.0,
    29.0
   ]
  },
  "meas_k4": {
   "exact_runs_outside_grid": 46173,
   "mismatch_groups_mean": 41.1935,
   "mismatch_groups_q025_q975": [
    33.0,
    49.0
   ],
   "mismatch_fraction_mean": 0.49630722891566265,
   "mismatch_with_regret_ge_1pct_mean": 34.535,
   "groups_mismatched_in_ge_90pct_of_draws": 5,
   "groups_mismatched_in_ge_50pct_of_draws": 40,
   "observed_mismatches_kept_in_ge_90pct": 5,
   "observed_matches_flipped_in_ge_50pct": 14,
   "null_sty_leader_changes_between_remeasurements_mean": 42.9045,
   "null_sty_leader_changes_q025_q975": [
    35.0,
    50.024999999999864
   ],
   "sty_leader_differs_from_reported_mean": 34.085,
   "sty_leader_differs_from_reported_q025_q975": [
    27.0,
    42.0
   ]
  },
  "meas_k1_plus_extraction": {
   "exact_runs_outside_grid": 34656,
   "mismatch_groups_mean": 38.498,
   "mismatch_groups_q025_q975": [
    31.0,
    45.0
   ],
   "mismatch_fraction_mean": 0.4638313253012048,
   "mismatch_with_regret_ge_1pct_mean": 28.8375,
   "groups_mismatched_in_ge_90pct_of_draws": 10,
   "groups_mismatched_in_ge_50pct_of_draws": 33,
   "observed_mismatches_kept_in_ge_90pct": 10,
   "observed_matches_flipped_in_ge_50pct": 5,
   "null_sty_leader_changes_between_remeasurements_mean": 30.4625,
   "null_sty_leader_changes_q025_q975": [
    24.0,
    37.0
   ],
   "sty_leader_differs_from_reported_mean": 22.8355,
   "sty_leader_differs_from_reported_q025_q975": [
    16.0,
    30.0
   ]
  }
 },
 "validation": {
  "replicates_per_scenario": 5,
  "verdict_disagreements_total": 6,
  "verdicts_compared": 1660,
  "cost_rel_err_max": 0.6206249828562443,
  "cost_rel_err_p99_max": 0.06996447734482629
 }
}
