anchors: Fe 15.291705, Ru 22.030595, alpha* 201.2234
alpha* sweep: 244 prices, 0.386 at 1 USD/kg -> 1118 at 3e5 USD/kg
pure        p_eff   53852.50  cost 22.0306 (+6.739)  alpha*  201.223  450 C  425 bar Tsep  25 C  V 0.066
supported   p_eff    4895.68  cost 17.9500 (+2.658)  alpha*   18.484  450 C  220 bar Tsep  20 C  V 0.532
supp_rec90  p_eff     489.57  cost 15.6709 (+0.379)  alpha*    2.234  450 C  200 bar Tsep  30 C  V 1.757
supp_rec94  p_eff     293.74  cost 15.4851 (+0.193)  alpha*    1.494  450 C  195 bar Tsep  30 C  V 1.993
kaap90      p_eff     489.57  cost 18.9104 (+3.619)  alpha*      inf  425 C   90 bar Tsep -20 C  V 1.748
kaap94      p_eff     293.74  cost 18.5286 (+3.237)  alpha*      inf  400 C   90 bar Tsep -20 C  V 4.907
fe_kaap     cost 19.0687  425 C  V 21.65 m3
strict-scaling reach 237.3 USD/kg needs u >= 22.7 at r = 0.90
strict-scaling reach 237.3 USD/kg needs u >= 13.6 at r = 0.94
KAAP loop floor (free, infinitely active catalyst): 16.6996 USD/t at 350 C (+1.408 vs Fe)
parity needs u = 328.8 at r = 0.00
parity needs u = 32.9 at r = 0.90
parity needs u = 19.7 at r = 0.94
  bed x10.16 (rho  500): supported   cost 18.2633 (+0.3133)   220 bar  V 5.40 m3  vs Fe optimum 15.2917: +2.9716  alpha* 22.405
  bed x5.08 (rho 1000): supported   cost 18.0959 (+0.1459)   220 bar  V 2.70 m3  vs Fe optimum 15.2917: +2.8042  alpha* 20.351
  bed x10.16 (rho  500): supp_rec90  cost 16.4380 (+0.7672)   220 bar  V 11.44 m3  vs Fe optimum 15.2917: +1.1463  alpha* 5.706
  bed x5.08 (rho 1000): supp_rec90  cost 16.0409 (+0.3700)   210 bar  V 7.07 m3  vs Fe optimum 15.2917: +0.7492  alpha* 3.778
  bed x10.16 (rho  500): supp_rec94  cost 16.3153 (+0.8302)   215 bar  V 12.69 m3  vs Fe optimum 15.2917: +1.0236  alpha* 4.972
  bed x5.08 (rho 1000): supp_rec94  cost 15.8880 (+0.4029)   205 bar  V 7.92 m3  vs Fe optimum 15.2917: +0.5963  alpha* 3.037
  bed x10.16 (rho  500): kaap90      cost 19.3196 (+0.4092)    90 bar  V 17.76 m3  vs Fe in the KAAP loop 19.0687: +0.2509  alpha* 1.390
  bed x5.08 (rho 1000): kaap90      cost 19.0946 (+0.1842)    90 bar  V 8.88 m3  vs Fe in the KAAP loop 19.0687: +0.0259  alpha* 1.041
  bed x10.16 (rho  500): kaap94      cost 19.1431 (+0.6145)    90 bar  V 17.76 m3  vs Fe in the KAAP loop 19.0687: +0.0744  alpha* 1.115
  bed x5.08 (rho 1000): kaap94      cost 18.9181 (+0.3895)    90 bar  V 8.88 m3  vs Fe in the KAAP loop 19.0687: -0.1506  alpha* 0.764
wrote fig2_ru_alpha_sweep.csv, fig2_ru_actual_cost_points.csv, fig2_ru_bed_sensitivity.csv
